0(0): b:0 n:0 Transmit(0)
18630.48141(0.15158): b:2 n:491 Check(0)
32929.29221(0.161133): b:2 n:651 Check(1)
45818.6316(0.16609): b:0 n:735 Transmit(0)
58296.03549(0.168125): b:0 n:781 Transmit(0)
69456.11094(0.169344): b:0 n:890 Transmit(0)
80246.1146(0.171198): b:2 n:878 Transmit(1)
91056.5061(0.172827): b:0 n:897 Transmit(1)
102947.4843(0.174089): b:2 n:784 Check(1)
114782.4208(0.174914): b:2 n:855 Check(0)
125801.2351(0.176079): b:0 n:882 Transmit(1)
136174.9887(0.176244): b:2 n:1015 Check(1)
145967.2532(0.17656): b:0 n:1122 Transmit(1)
155723.3502(0.176942): b:0 n:1092 Transmit(1)
165262.9756(0.177227): b:2 n:1111 Check(1)
174882.712(0.177633): b:0 n:1107 Transmit(1)
184959.5628(0.17832): b:0 n:977 Transmit(1)
195621.3358(0.178631): b:2 n:937 Check(1)
206321.1859(0.179177): b:0 n:891 Transmit(1)
217262.7022(0.179686): b:0 n:841 Transmit(1)
228774.5964(0.17981): b:0 n:900 Transmit(1)
239914.4444(0.180035): b:0 n:864 Transmit(0)
251200.0579(0.180219): b:0 n:872 Transmit(0)
262630.8543(0.180211): b:0 n:864 Transmit(0)
273816.7603(0.180234): b:0 n:879 Transmit(1)
284910.819(0.180281): b:0 n:896 Transmit(1)
295799.7457(0.180379): b:2 n:904 Lost(1)
305896.7915(0.180339): b:2 n:1051 Lost(1)
315855.6385(0.180567): b:2 n:1049 Check(0)
326323.88(0.180774): b:0 n:934 Transmit(1)
336970.0285(0.180951): b:0 n:951 Transmit(1)
347940.1245(0.180985): b:0 n:910 Transmit(0)
358653.2709(0.181094): b:0 n:899 Transmit(0)
369741.5656(0.181148): b:2 n:899 Check(1)
380849.2827(0.181156): b:0 n:944 Transmit(0)
391415.4673(0.181132): b:0 n:992 Transmit(1)
401577.5739(0.181208): b:2 n:995 Check(0)
411591.1143(0.181107): b:2 n:1061 Check(1)
421324.4339(0.181136): b:0 n:1026 Transmit(1)
431424.9584(0.181063): b:0 n:1050 Transmit(1)
442040.5006(0.181253): b:2 n:926 Lost(1)
453457.1035(0.181221): b:2 n:893 Check(1)
464596.3691(0.181131): b:0 n:935 Transmit(1)
474945.6157(0.181231): b:2 n:955 Transmit(1)
485748.7662(0.181293): b:2 n:882 Lost(0)
497178.0084(0.181301): b:2 n:842 Check(1)
508014.1557(0.1812): b:0 n:994 Transmit(0)
518225.3227(0.18123): b:2 n:996 Lost(0)
528955.5029(0.181297): b:2 n:934 Transmit(0)
539829.2557(0.181352): b:2 n:921 Transmit(1)
550737.9344(0.181515): b:0 n:874 Transmit(0)
562401.3025(0.181646): b:4 n:741 Check(0)
574624.8394(0.181726): b:0 n:719 Transmit(1)
587376.4642(0.18173): b:4 n:668 Lost(0)
599721.8549(0.181688): b:0 n:719 Transmit(1)
611875.2579(0.18172): b:0 n:744 Transmit(1)
624082.4053(0.181657): b:2 n:738 Check(1)
636717.2719(0.181768): b:0 n:697 Transmit(0)
648850.2881(0.18172): b:0 n:770 Transmit(0)
660637.4633(0.181581): b:2 n:841 Check(1)
673051.0748(0.181612): b:0 n:742 Transmit(0)
685022.0081(0.18159): b:2 n:809 Lost(0)
697149.6294(0.181588): b:0 n:788 Transmit(0)
708813.7916(0.181619): b:2 n:817 Check(0)
720138.1663(0.181689): b:0 n:862 Transmit(1)
731497.8526(0.181798): b:0 n:834 Transmit(0)
743227.2907(0.181744): b:0 n:837 Transmit(1)
755030.679(0.181734): b:2 n:796 Transmit(0)
766711.5216(0.181785): b:2 n:808 Check(1)
778400.5141(0.181744): b:0 n:865 Transmit(0)
789408.8062(0.181749): b:0 n:887 Transmit(0)
800270.2711(0.181812): b:0 n:861 Transmit(1)
811661.3593(0.181831): b:0 n:867 Transmit(1)
823014.344(0.181805): b:0 n:861 Transmit(1)
834178.0958(0.181812): b:0 n:878 Transmit(1)
845201.6958(0.181807): b:0 n:920 Transmit(1)
855814.4818(0.181836): b:0 n:924 Transmit(1)
866672.6472(0.181777): b:0 n:944 Transmit(1)
877525.7808(0.181869): b:2 n:869 Lost(1)
888505.7598(0.18189): b:2 n:862 Lost(0)
899600.0043(0.181892): b:2 n:861 Transmit(1)
910559.8342(0.18191): b:2 n:897 Check(0)
921235.1495(0.18193): b:0 n:943 Transmit(1)
931779.2185(0.181856): b:2 n:994 Check(0)
942150.9939(0.181889): b:0 n:959 Transmit(0)
952883.6463(0.181958): b:2 n:901 Lost(1)
964012.8361(0.181974): b:0 n:880 Transmit(1)
974986.8209(0.181934): b:2 n:900 Lost(1)
985538.6833(0.181947): b:0 n:971 Transmit(1)
996231.0183(0.181941): b:2 n:976 Check(0)
Die!
