Checking sanity of Complement(Complement(G))...passed!
Now count connected components via BFS: 1994 2 4 3 2 2 3 10 3 2 2 4 4 3 2 3 6 2 3 3 2 3 2 2 6 2 3 3 3 4 2 3 3 2 3 3 2 2 2 2 2 5 2 3 2 2 3 5 4 2 3 5 2 4 2 4 3 2 2 2 2 2 2 2 2 4 4 2 2 3 2 2 2 2 2 4 4 2 2 2 2 2 3 4 3 2 2 2 2 3 2 3 2 2 2 2 2 3 3 2 2 4 2 2 2 2 2 2 2 2 2 2 2 3 2 4 2 2 2 2 2 2 2 2 2 2 3 2 3 2 2 2 2 2 2 2 2 2 2 2 2 2 2 2 2 2 2 2 2 2 2 2 2 2 2 2 2 2
Graph has 158 connected components using BFS
Graph has 158 connected components using GraphVisitCC
